分类: 📺央视频道, 名称: CCTV-1, 有效: 5, IPv4: 48, IPv6: 0, 最小延迟: 300 ms, 最高速率: 7.89 M/s, 平均速率: 2.91 M/s, 最高分辨率: 1280x720
分类: 📺央视频道, 名称: CCTV-2, 有效: 5, IPv4: 42, IPv6: 0, 最小延迟: 382 ms, 最高速率: 12.35 M/s, 平均速率: 4.89 M/s, 最高分辨率: 1280x720
分类: 📺央视频道, 名称: CCTV-3, 有效: 5, IPv4: 41, IPv6: 0, 最小延迟: 270 ms, 最高速率: 8.02 M/s, 平均速率: 4.64 M/s, 最高分辨率: 1920x1080
分类: 📺央视频道, 名称: CCTV-4, 有效: 5, IPv4: 51, IPv6: 0, 最小延迟: 233 ms, 最高速率: 6.50 M/s, 平均速率: 2.76 M/s, 最高分辨率: 1920x1080
分类: 📺央视频道, 名称: CCTV-5, 有效: 5, IPv4: 43, IPv6: 0, 最小延迟: 302 ms, 最高速率: 10.07 M/s, 平均速率: 3.89 M/s, 最高分辨率: 1920x1080
分类: 📺央视频道, 名称: CCTV-5+, 有效: 2, IPv4: 23, IPv6: 0, 最小延迟: 1068 ms, 最高速率: 1.79 M/s, 平均速率: 1.73 M/s, 最高分辨率: 1920x1080
分类: 📺央视频道, 名称: CCTV-6, 有效: 5, IPv4: 42, IPv6: 0, 最小延迟: 276 ms, 最高速率: 6.08 M/s, 平均速率: 5.04 M/s, 最高分辨率: 1280x720
分类: 📺央视频道, 名称: CCTV-7, 有效: 5, IPv4: 34, IPv6: 0, 最小延迟: 368 ms, 最高速率: 11.20 M/s, 平均速率: 3.37 M/s, 最高分辨率: 1920x1080
分类: 📺央视频道, 名称: CCTV-8, 有效: 5, IPv4: 41, IPv6: 0, 最小延迟: 192 ms, 最高速率: 3.57 M/s, 平均速率: 3.33 M/s, 最高分辨率: 1280x720
分类: 📺央视频道, 名称: CCTV-9, 有效: 5, IPv4: 39, IPv6: 0, 最小延迟: 305 ms, 最高速率: 6.37 M/s, 平均速率: 3.97 M/s, 最高分辨率: 1920x1080
分类: 📺央视频道, 名称: CCTV-10, 有效: 5, IPv4: 38, IPv6: 0, 最小延迟: 278 ms, 最高速率: 12.59 M/s, 平均速率: 5.76 M/s, 最高分辨率: 1920x1080
分类: 📺央视频道, 名称: CCTV-12, 有效: 5, IPv4: 34, IPv6: 0, 最小延迟: 243 ms, 最高速率: 11.39 M/s, 平均速率: 6.55 M/s, 最高分辨率: 1280x720
分类: 📺央视频道, 名称: CCTV-11, 有效: 5, IPv4: 38, IPv6: 0, 最小延迟: 186 ms, 最高速率: 3.57 M/s, 平均速率: 2.26 M/s, 最高分辨率: 1920x1080
分类: 📺央视频道, 名称: CCTV-13, 有效: 5, IPv4: 35, IPv6: 0, 最小延迟: 221 ms, 最高速率: 4.45 M/s, 平均速率: 2.89 M/s, 最高分辨率: 1920x1080
分类: 📺央视频道, 名称: CCTV-14, 有效: 5, IPv4: 35, IPv6: 0, 最小延迟: 255 ms, 最高速率: 7.70 M/s, 平均速率: 7.24 M/s, 最高分辨率: 1280x720
分类: 📺央视频道, 名称: CCTV-15, 有效: 5, IPv4: 40, IPv6: 0, 最小延迟: 268 ms, 最高速率: 6.89 M/s, 平均速率: 6.36 M/s, 最高分辨率: 1280x720
分类: 📺央视频道, 名称: CCTV-16, 有效: 4, IPv4: 16, IPv6: 0, 最小延迟: 206 ms, 最高速率: 7.85 M/s, 平均速率: 4.58 M/s, 最高分辨率: 1920x1080
分类: 📺央视频道, 名称: CCTV-17, 有效: 5, IPv4: 27, IPv6: 0, 最小延迟: 70 ms, 最高速率: 78.13 M/s, 平均速率: 30.78 M/s, 最高分辨率: 1920x1080
分类: 📺央视频道, 名称: CETV-1, 有效: 5, IPv4: 46, IPv6: 0, 最小延迟: 428 ms, 最高速率: 11.94 M/s, 平均速率: 9.04 M/s, 最高分辨率: 1920x1080
分类: 📺央视频道, 名称: CETV-2, 有效: 2, IPv4: 29, IPv6: 0, 最小延迟: 475 ms, 最高速率: 10.95 M/s, 平均速率: 9.04 M/s, 最高分辨率: 1280x720
分类: 📺央视频道, 名称: CETV-3, 有效: 4, IPv4: 7, IPv6: 0, 最小延迟: 300 ms, 最高速率: 9.40 M/s, 平均速率: 6.30 M/s, 最高分辨率: 1280x720
分类: 📺央视频道, 名称: CETV-4, 有效: 2, IPv4: 35, IPv6: 0, 最小延迟: 461 ms, 最高速率: 11.25 M/s, 平均速率: 3.04 M/s, 最高分辨率: 1280x720
分类: 📡卫视频道, 名称: 广东卫视, 有效: 4, IPv4: 31, IPv6: 0, 最小延迟: 740 ms, 最高速率: 5.57 M/s, 平均速率: 3.32 M/s, 最高分辨率: 1920x1080
分类: 📡卫视频道, 名称: 香港卫视, 有效: 0, IPv4: 7, IPv6: 0, 最小延迟: 8423 ms, 最高速率: 0.57 M/s, 平均速率: 0.00 M/s, 最高分辨率: None
分类: 📡卫视频道, 名称: 浙江卫视, 有效: 4, IPv4: 30, IPv6: 0, 最小延迟: 387 ms, 最高速率: 11.29 M/s, 平均速率: 5.94 M/s, 最高分辨率: 1920x1080
分类: 📡卫视频道, 名称: 湖南卫视, 有效: 5, IPv4: 39, IPv6: 0, 最小延迟: 192 ms, 最高速率: 11.91 M/s, 平均速率: 9.31 M/s, 最高分辨率: 3840x2160
分类: 📡卫视频道, 名称: 北京卫视, 有效: 5, IPv4: 33, IPv6: 0, 最小延迟: 477 ms, 最高速率: 10.21 M/s, 平均速率: 4.07 M/s, 最高分辨率: 1920x1080
分类: 📡卫视频道, 名称: 湖北卫视, 有效: 5, IPv4: 30, IPv6: 0, 最小延迟: 458 ms, 最高速率: 7.29 M/s, 平均速率: 5.01 M/s, 最高分辨率: 1920x1080
分类: 📡卫视频道, 名称: 黑龙江卫视, 有效: 5, IPv4: 26, IPv6: 0, 最小延迟: 355 ms, 最高速率: 11.87 M/s, 平均速率: 4.85 M/s, 最高分辨率: 1920x1080
分类: 📡卫视频道, 名称: 安徽卫视, 有效: 5, IPv4: 30, IPv6: 0, 最小延迟: 446 ms, 最高速率: 9.42 M/s, 平均速率: 5.63 M/s, 最高分辨率: 1920x1080
分类: 📡卫视频道, 名称: 重庆卫视, 有效: 4, IPv4: 30, IPv6: 0, 最小延迟: 664 ms, 最高速率: 7.58 M/s, 平均速率: 4.37 M/s, 最高分辨率: 1920x1080
分类: 📡卫视频道, 名称: 东方卫视, 有效: 4, IPv4: 30, IPv6: 0, 最小延迟: 373 ms, 最高速率: 13.13 M/s, 平均速率: 11.65 M/s, 最高分辨率: 1920x1080
分类: 📡卫视频道, 名称: 东南卫视, 有效: 5, IPv4: 22, IPv6: 0, 最小延迟: 596 ms, 最高速率: 8.89 M/s, 平均速率: 3.97 M/s, 最高分辨率: 1920x1080
分类: 📡卫视频道, 名称: 甘肃卫视, 有效: 3, IPv4: 17, IPv6: 0, 最小延迟: 384 ms, 最高速率: 11.56 M/s, 平均速率: 7.89 M/s, 最高分辨率: 1920x1080
分类: 📡卫视频道, 名称: 贵州卫视, 有效: 5, IPv4: 28, IPv6: 0, 最小延迟: 90 ms, 最高速率: 56.82 M/s, 平均速率: 19.29 M/s, 最高分辨率: 1920x1080
分类: 📡卫视频道, 名称: 广西卫视, 有效: 4, IPv4: 26, IPv6: 0, 最小延迟: 772 ms, 最高速率: 5.66 M/s, 平均速率: 3.10 M/s, 最高分辨率: 1920x1080
分类: 📡卫视频道, 名称: 海南卫视, 有效: 1, IPv4: 13, IPv6: 0, 最小延迟: 2635 ms, 最高速率: 1.08 M/s, 平均速率: 0.62 M/s, 最高分辨率: 1920x1080
分类: 📡卫视频道, 名称: 河北卫视, 有效: 3, IPv4: 24, IPv6: 0, 最小延迟: 1025 ms, 最高速率: 1.10 M/s, 平均速率: 0.61 M/s, 最高分辨率: 1920x1080
分类: 📡卫视频道, 名称: 河南卫视, 有效: 3, IPv4: 33, IPv6: 0, 最小延迟: 348 ms, 最高速率: 11.06 M/s, 平均速率: 7.40 M/s, 最高分辨率: 1920x1080
分类: 📡卫视频道, 名称: 吉林卫视, 有效: 2, IPv4: 22, IPv6: 0, 最小延迟: 357 ms, 最高速率: 11.65 M/s, 平均速率: 11.50 M/s, 最高分辨率: 1920x1080
分类: 📡卫视频道, 名称: 江苏卫视, 有效: 5, IPv4: 33, IPv6: 0, 最小延迟: 335 ms, 最高速率: 11.38 M/s, 平均速率: 10.69 M/s, 最高分辨率: 1920x1080
分类: 📡卫视频道, 名称: 江西卫视, 有效: 4, IPv4: 31, IPv6: 0, 最小延迟: 75 ms, 最高速率: 59.07 M/s, 平均速率: 15.96 M/s, 最高分辨率: 1920x1080
分类: 📡卫视频道, 名称: 辽宁卫视, 有效: 5, IPv4: 31, IPv6: 0, 最小延迟: 369 ms, 最高速率: 12.21 M/s, 平均速率: 11.00 M/s, 最高分辨率: 1920x1080
分类: 📡卫视频道, 名称: 内蒙古卫视, 有效: 5, IPv4: 14, IPv6: 0, 最小延迟: 55 ms, 最高速率: 85.40 M/s, 平均速率: 37.49 M/s, 最高分辨率: 1920x1080
分类: 📡卫视频道, 名称: 宁夏卫视, 有效: 5, IPv4: 22, IPv6: 0, 最小延迟: 76 ms, 最高速率: 60.46 M/s, 平均速率: 39.86 M/s, 最高分辨率: 1920x1080
分类: 📡卫视频道, 名称: 山东卫视, 有效: 6, IPv4: 26, IPv6: 0, 最小延迟: 51 ms, 最高速率: 13.50 M/s, 平均速率: 6.00 M/s, 最高分辨率: 1920x1080
分类: 📡卫视频道, 名称: 青海卫视, 有效: 2, IPv4: 18, IPv6: 0, 最小延迟: 346 ms, 最高速率: 11.12 M/s, 平均速率: 10.53 M/s, 最高分辨率: 1920x1080
分类: 📡卫视频道, 名称: 山西卫视, 有效: 5, IPv4: 28, IPv6: 0, 最小延迟: 64 ms, 最高速率: 74.90 M/s, 平均速率: 31.52 M/s, 最高分辨率: 1920x1080
分类: 📡卫视频道, 名称: 陕西卫视, 有效: 5, IPv4: 26, IPv6: 0, 最小延迟: 145 ms, 最高速率: 40.16 M/s, 平均速率: 12.52 M/s, 最高分辨率: 1920x1080
分类: 📡卫视频道, 名称: 四川卫视, 有效: 6, IPv4: 35, IPv6: 0, 最小延迟: 46 ms, 最高速率: 78.96 M/s, 平均速率: 26.06 M/s, 最高分辨率: 1920x1080
分类: 📡卫视频道, 名称: 深圳卫视, 有效: 4, IPv4: 22, IPv6: 0, 最小延迟: 430 ms, 最高速率: 9.50 M/s, 平均速率: 7.03 M/s, 最高分辨率: 1920x1080
分类: 📡卫视频道, 名称: 三沙卫视, 有效: 2, IPv4: 10, IPv6: 0, 最小延迟: 446 ms, 最高速率: 7.95 M/s, 平均速率: 1.02 M/s, 最高分辨率: 1280x720
分类: 📡卫视频道, 名称: 天津卫视, 有效: 4, IPv4: 23, IPv6: 0, 最小延迟: 345 ms, 最高速率: 11.91 M/s, 平均速率: 7.40 M/s, 最高分辨率: 1920x1080
分类: 📡卫视频道, 名称: 西藏卫视, 有效: 3, IPv4: 12, IPv6: 0, 最小延迟: 162 ms, 最高速率: 35.68 M/s, 平均速率: 18.91 M/s, 最高分辨率: 1920x1080
分类: 📡卫视频道, 名称: 新疆卫视, 有效: 5, IPv4: 18, IPv6: 0, 最小延迟: 82 ms, 最高速率: 57.54 M/s, 平均速率: 14.88 M/s, 最高分辨率: 1920x1080
分类: ☘️湖南频道, 名称: 湖南都市, 有效: 0, IPv4: 1, IPv6: 0, 最小延迟: -1 ms, 最高速率: 0.00 M/s, 平均速率: 0.00 M/s, 最高分辨率: None
分类: ☘️湖南频道, 名称: 湖南视剧, 有效: 0, IPv4: 1, IPv6: 0, 最小延迟: -1 ms, 最高速率: 0.00 M/s, 平均速率: 0.00 M/s, 最高分辨率: None
分类: ☘️湖南频道, 名称: 湖南经视, 有效: 0, IPv4: 1, IPv6: 0, 最小延迟: -1 ms, 最高速率: 0.00 M/s, 平均速率: 0.00 M/s, 最高分辨率: None
分类: ☘️湖南频道, 名称: 湖南电影, 有效: 0, IPv4: 1, IPv6: 0, 最小延迟: -1 ms, 最高速率: 0.00 M/s, 平均速率: 0.00 M/s, 最高分辨率: None
分类: ☘️湖南频道, 名称: 湖南爱晚, 有效: 0, IPv4: 2, IPv6: 0, 最小延迟: -1 ms, 最高速率: 0.00 M/s, 平均速率: 0.00 M/s, 最高分辨率: None
分类: ☘️湖南频道, 名称: 湖南娱乐, 有效: 0, IPv4: 1, IPv6: 0, 最小延迟: -1 ms, 最高速率: 0.00 M/s, 平均速率: 0.00 M/s, 最高分辨率: None
分类: ☘️湖南频道, 名称: 湖南国际, 有效: 0, IPv4: 1, IPv6: 0, 最小延迟: -1 ms, 最高速率: 0.00 M/s, 平均速率: 0.00 M/s, 最高分辨率: None
分类: 📡卫视频道, 名称: 云南卫视, 有效: 3, IPv4: 23, IPv6: 0, 最小延迟: 382 ms, 最高速率: 11.05 M/s, 平均速率: 6.84 M/s, 最高分辨率: 1920x1080
分类: ☘️湖南频道, 名称: 湖南教育, 有效: 0, IPv4: 1, IPv6: 0, 最小延迟: -1 ms, 最高速率: 0.00 M/s, 平均速率: 0.00 M/s, 最高分辨率: None
分类: ☘️湖南频道, 名称: 娄底综合, 有效: 0, IPv4: 1, IPv6: 0, 最小延迟: -1 ms, 最高速率: 0.00 M/s, 平均速率: 0.00 M/s, 最高分辨率: None
分类: ☘️湖南频道, 名称: 金鹰纪实, 有效: 0, IPv4: 4, IPv6: 0, 最小延迟: 10284 ms, 最高速率: 0.00 M/s, 平均速率: 0.00 M/s, 最高分辨率: None
分类: 🌊港·澳·台, 名称: 翡翠台, 有效: 0, IPv4: 11, IPv6: 0, 最小延迟: 240 ms, 最高速率: 1.36 M/s, 平均速率: 0.00 M/s, 最高分辨率: 1920x1080
分类: 🌊港·澳·台, 名称: 明珠台, 有效: 0, IPv4: 2, IPv6: 0, 最小延迟: -1 ms, 最高速率: 0.00 M/s, 平均速率: 0.00 M/s, 最高分辨率: None
分类: 🌊港·澳·台, 名称: 凤凰中文, 有效: 1, IPv4: 15, IPv6: 0, 最小延迟: 475 ms, 最高速率: 0.23 M/s, 平均速率: 0.23 M/s, 最高分辨率: 1920x1080
分类: 🌊港·澳·台, 名称: 凤凰资讯, 有效: 2, IPv4: 9, IPv6: 0, 最小延迟: 265 ms, 最高速率: 6.41 M/s, 平均速率: 3.70 M/s, 最高分辨率: 1920x1080
分类: 🌊港·澳·台, 名称: 凤凰卫视, 有效: 0, IPv4: 1, IPv6: 0, 最小延迟: 216 ms, 最高速率: 1.38 M/s, 平均速率: 0.00 M/s, 最高分辨率: 840x480
分类: 🌊港·澳·台, 名称: 纬来体育, 有效: 0, IPv4: 2, IPv6: 0, 最小延迟: -1 ms, 最高速率: 0.00 M/s, 平均速率: 0.00 M/s, 最高分辨率: 1280x720
分类: 🌊港·澳·台, 名称: TVBS亚洲, 有效: 4, IPv4: 5, IPv6: 0, 最小延迟: 1416 ms, 最高速率: 1.24 M/s, 平均速率: 0.99 M/s, 最高分辨率: 1920x1080
分类: 🌊港·澳·台, 名称: 三立新闻, 有效: 0, IPv4: 1, IPv6: 0, 最小延迟: -1 ms, 最高速率: 0.00 M/s, 平均速率: 0.00 M/s, 最高分辨率: None
分类: 🌊港·澳·台, 名称: 东森综合, 有效: 0, IPv4: 1, IPv6: 0, 最小延迟: -1 ms, 最高速率: 0.00 M/s, 平均速率: 0.00 M/s, 最高分辨率: None
分类: 🌊港·澳·台, 名称: 东森超视, 有效: 1, IPv4: 2, IPv6: 0, 最小延迟: 1441 ms, 最高速率: 0.62 M/s, 平均速率: 0.62 M/s, 最高分辨率: 1920x1080
分类: 🌊港·澳·台, 名称: Now剧集, 有效: 0, IPv4: 1, IPv6: 0, 最小延迟: -1 ms, 最高速率: 0.00 M/s, 平均速率: 0.00 M/s, 最高分辨率: 1280x720
分类: 🌊港·澳·台, 名称: 纬来育乐, 有效: 1, IPv4: 6, IPv6: 0, 最小延迟: 466 ms, 最高速率: 2.96 M/s, 平均速率: 2.96 M/s, 最高分辨率: 1280x720
分类: 🌊港·澳·台, 名称: 星卫娱乐, 有效: 0, IPv4: 1, IPv6: 0, 最小延迟: -1 ms, 最高速率: 0.00 M/s, 平均速率: 0.00 M/s, 最高分辨率: None
分类: 🌊港·澳·台, 名称: 凤凰香港, 有效: 1, IPv4: 6, IPv6: 0, 最小延迟: 246 ms, 最高速率: 5.00 M/s, 平均速率: 5.00 M/s, 最高分辨率: 1280x720
分类: 🌊港·澳·台, 名称: 靖天资讯, 有效: 0, IPv4: 4, IPv6: 0, 最小延迟: -1 ms, 最高速率: 0.00 M/s, 平均速率: 0.00 M/s, 最高分辨率: None
分类: 🎬电影频道, 名称: CHC动作电影, 有效: 4, IPv4: 6, IPv6: 0, 最小延迟: 414 ms, 最高速率: 8.01 M/s, 平均速率: 6.10 M/s, 最高分辨率: 1280x720
分类: 🌊港·澳·台, 名称: 东森电影, 有效: 0, IPv4: 3, IPv6: 0, 最小延迟: -1 ms, 最高速率: 0.00 M/s, 平均速率: 0.00 M/s, 最高分辨率: None
分类: 🎬电影频道, 名称: CHC家庭影院, 有效: 5, IPv4: 8, IPv6: 0, 最小延迟: 466 ms, 最高速率: 7.58 M/s, 平均速率: 4.47 M/s, 最高分辨率: 1920x1080
分类: 🎬电影频道, 名称: 淘剧场, 有效: 0, IPv4: 2, IPv6: 0, 最小延迟: 455 ms, 最高速率: 0.25 M/s, 平均速率: 0.00 M/s, 最高分辨率: 1920x1080
分类: 🎬电影频道, 名称: 淘娱乐, 有效: 0, IPv4: 2, IPv6: 0, 最小延迟: 692 ms, 最高速率: 0.21 M/s, 平均速率: 0.00 M/s, 最高分辨率: 1920x1080
分类: 🎬电影频道, 名称: NewTV惊悚悬疑, 有效: 0, IPv4: 2, IPv6: 0, 最小延迟: -1 ms, 最高速率: 0.00 M/s, 平均速率: 0.00 M/s, 最高分辨率: None
分类: 🎬电影频道, 名称: NewTV动作电影, 有效: 0, IPv4: 1, IPv6: 0, 最小延迟: -1 ms, 最高速率: 0.00 M/s, 平均速率: 0.00 M/s, 最高分辨率: None
分类: 🎬电影频道, 名称: 靖天映画, 有效: 1, IPv4: 6, IPv6: 0, 最小延迟: 466 ms, 最高速率: 2.80 M/s, 平均速率: 2.80 M/s, 最高分辨率: 1920x1080
分类: 🎬电影频道, 名称: 经典电影, 有效: 0, IPv4: 2, IPv6: 0, 最小延迟: -1 ms, 最高速率: 0.00 M/s, 平均速率: 0.00 M/s, 最高分辨率: None
分类: 🎬电影频道, 名称: 天映经典, 有效: 1, IPv4: 8, IPv6: 0, 最小延迟: 113 ms, 最高速率: 29.66 M/s, 平均速率: 29.66 M/s, 最高分辨率: 1920x1080
分类: 🎬电影频道, 名称: 私人影院, 有效: 0, IPv4: 1, IPv6: 0, 最小延迟: -1 ms, 最高速率: 0.00 M/s, 平均速率: 0.00 M/s, 最高分辨率: None
分类: 🎬电影频道, 名称: 纬来电影, 有效: 0, IPv4: 11, IPv6: 0, 最小延迟: 472 ms, 最高速率: 0.13 M/s, 平均速率: 0.00 M/s, 最高分辨率: 1920x1080
分类: 🎬电影频道, 名称: 靖天戏剧, 有效: 0, IPv4: 6, IPv6: 0, 最小延迟: -1 ms, 最高速率: 0.00 M/s, 平均速率: 0.00 M/s, 最高分辨率: None
分类: 🎬电影频道, 名称: 龙祥电影, 有效: 2, IPv4: 5, IPv6: 0, 最小延迟: 467 ms, 最高速率: 1.44 M/s, 平均速率: 0.92 M/s, 最高分辨率: 1280x720
分类: 🎬电影频道, 名称: 星空卫视, 有效: 0, IPv4: 2, IPv6: 0, 最小延迟: -1 ms, 最高速率: 0.00 M/s, 平均速率: 0.00 M/s, 最高分辨率: None
分类: 🎵音乐频道, 名称: 音乐调频广播, 有效: 0, IPv4: 1, IPv6: 0, 最小延迟: -1 ms, 最高速率: 0.00 M/s, 平均速率: 0.00 M/s, 最高分辨率: None
分类: 🏛经典剧场, 名称: 天龙八部, 有效: 0, IPv4: 1, IPv6: 0, 最小延迟: -1 ms, 最高速率: 0.00 M/s, 平均速率: 0.00 M/s, 最高分辨率: None
分类: 🎵音乐频道, 名称: 潮流音乐, 有效: 0, IPv4: 1, IPv6: 0, 最小延迟: 1098 ms, 最高速率: 0.16 M/s, 平均速率: 0.00 M/s, 最高分辨率: None
分类: 🎬电影频道, 名称: 东森洋片, 有效: 2, IPv4: 10, IPv6: 0, 最小延迟: 453 ms, 最高速率: 1.05 M/s, 平均速率: 0.64 M/s, 最高分辨率: 1280x720
分类: 🏛经典剧场, 名称: 水浒传, 有效: 3, IPv4: 4, IPv6: 0, 最小延迟: 209 ms, 最高速率: 3.47 M/s, 平均速率: 2.78 M/s, 最高分辨率: 1920x1080
分类: 🏛经典剧场, 名称: 闯关东, 有效: 1, IPv4: 1, IPv6: 0, 最小延迟: 1117 ms, 最高速率: 3.31 M/s, 平均速率: 3.31 M/s, 最高分辨率: 1920x1080
分类: 🎵音乐频道, 名称: 风云音乐, 有效: 5, IPv4: 12, IPv6: 0, 最小延迟: 58 ms, 最高速率: 87.29 M/s, 平均速率: 34.54 M/s, 最高分辨率: 1920x1080
分类: 🎵音乐频道, 名称: 音乐现场, 有效: 0, IPv4: 2, IPv6: 0, 最小延迟: 94 ms, 最高速率: 1.19 M/s, 平均速率: 0.00 M/s, 最高分辨率: None
分类: 🏛经典剧场, 名称: 西游记, 有效: 1, IPv4: 7, IPv6: 0, 最小延迟: 985 ms, 最高速率: 3.56 M/s, 平均速率: 3.56 M/s, 最高分辨率: 1920x1080
